// Jest Snapshot v1, https://goo.gl/fbAQLP

exports[`Test in GifGridItem should show component correctly 1`] = `
<div
  className="card"
>
  <img
    alt="Hola"
    src="https://someurl.com"
  />
</div>
`;
