// Jest Snapshot v1, https://goo.gl/fbAQLP

exports[`Test in GifGrid should show component 1`] = `
<Fragment>
  <h3>
    Goku
  </h3>
  <div
    className="card-grid"
  />
</Fragment>
`;
